[38;2;128;135;162m╭──────────────────────────────────────────────────────────────────────────────╮[0m
[38;2;128;135;162m│[0m[38;2;245;169;127m> bt[0m[38;2;245;169;127m:[0m [1;38;2;198;160;246mTest[0m         ctrl+k:cmd  p:project  b:backlog  R:reviews  ?:help  q:quit[38;2;128;135;162m│[0m
[38;2;128;135;162m│[0m[38;2;128;135;162m──────────────────────────────────────────────────────────────────────────────[0m[38;2;128;135;162m│[0m
[38;2;128;135;162m│[0m dummy body content for the golden chrome frame — enough text to see wrapping [38;2;128;135;162m│[0m
[38;2;128;135;162m│[0m behave.                                                                      [38;2;128;135;162m│[0m
[38;2;128;135;162m│[0m                                                                              [38;2;128;135;162m│[0m
[38;2;128;135;162m│[0m                                                                              [38;2;128;135;162m│[0m
[38;2;128;135;162m│[0m                                                                              [38;2;128;135;162m│[0m
[38;2;128;135;162m│[0m                                                                              [38;2;128;135;162m│[0m
[38;2;128;135;162m│[0m                                                                              [38;2;128;135;162m│[0m
[38;2;128;135;162m│[0m                                                                              [38;2;128;135;162m│[0m
[38;2;128;135;162m│[0m                                                                              [38;2;128;135;162m│[0m
[38;2;128;135;162m│[0m                                                                              [38;2;128;135;162m│[0m
[38;2;128;135;162m│[0m                                                                              [38;2;128;135;162m│[0m
[38;2;128;135;162m│[0m                                                                              [38;2;128;135;162m│[0m
[38;2;128;135;162m│[0m                                                                              [38;2;128;135;162m│[0m
[38;2;128;135;162m│[0m                                                                              [38;2;128;135;162m│[0m
[38;2;128;135;162m│[0m                                                                              [38;2;128;135;162m│[0m
[38;2;128;135;162m│[0m                                                                              [38;2;128;135;162m│[0m
[38;2;128;135;162m│[0m                                                                              [38;2;128;135;162m│[0m
[38;2;128;135;162m│[0m                                                                              [38;2;128;135;162m│[0m
[38;2;128;135;162m│[0m[38;2;128;135;162m──────────────────────────────────────────────────────────────────────────────[0m[38;2;128;135;162m│[0m
[38;2;128;135;162m│[0menter: open  esc: back                                                        [38;2;128;135;162m│[0m
[38;2;128;135;162m╰──────────────────────────────────────────────────────────────────────────────╯[0m